apiVersion: template.openshift.io/v1
kind: Template
metadata:
  creationTimestamp: null
  name: test-template
objects:
- apiVersion: v1
  kind: Pod
  metadata:
    creationTimestamp: null
    name: test-pod
  spec:
    containers:
    - name: test
      resources:
        limits:
          memory: 10Gi
        requests:
          cpu: "3"
          memory: 8Gi
  status: {}
