apiVersion: template.openshift.io/v1
kind: Template
labels:
  ci.openshift.io/refs.branch: test-branch
  ci.openshift.io/refs.org: test-org
  ci.openshift.io/refs.repo: test-repo
metadata:
  creationTimestamp: null
  name: test-template
objects: null
