approve:
- commandHelpLink: ""
  repos:
  - org/third
  require_self_approval: false
lgtm:
- repos:
  - org/third
  review_acts_as_lgtm: true
plugins:
  org/third:
    plugins:
    - assign
    - blunderbuss
    - blockade
    - bugzilla
    - cat
    - dog
    - heart
    - golint
    - goose
    - help
    - hold
    - label
    - lgtm
    - lifecycle
    - override
    - pony
    - retitle
    - shrug
    - sigmention
    - size
    - skip
    - trigger
    - verify-owners
    - owners-label
    - wip
    - yuks
    - approve
