presubmits:
  org/other:
  - agent: kubernetes
    always_run: true
    branches:
    - nonstandard
    context: ci/prow/unit
    decorate: true
    decoration_config:
      skip_cloning: true
    labels:
      ci-operator.openshift.io/prowgen-controlled: "true"
      pj-rehearse.openshift.io/can-be-rehearsed: "true"
    name: pull-ci-org-other-nonstandard-unit
    path_alias: k8s.io/cool
    rerun_command: /test unit
    spec:
      containers:
      - args:
        - --artifact-dir=$(ARTIFACTS)
        - --branch=nonstandard
        - --give-pr-author-access-to-namespace=true
        - --org=org
        - --repo=other
        - --resolver-address=http://ci-operator-configresolver-ci.svc.ci.openshift.org
        - --sentry-dsn-path=/etc/sentry-dsn/ci-operator
        - --target=unit
        command:
        - ci-operator
        env:
        - name: CONFIG_SPEC
          valueFrom:
            configMapKeyRef:
              key: org-other-nonstandard.yaml
              name: ci-operator-misc-configs
        image: ci-operator:latest
        imagePullPolicy: Always
        name: ""
        resources:
          requests:
            cpu: 10m
        volumeMounts:
        - mountPath: /etc/sentry-dsn
          name: sentry-dsn
          readOnly: true
      serviceAccountName: ci-operator
      volumes:
      - name: sentry-dsn
        secret:
          secretName: sentry-dsn
    trigger: (?m)^/test( | .* )unit,?($|\s.*)
