plugins:
  org/other:
    plugins:
    - assign
    - blunderbuss
    - blockade
    - bugzilla
    - cat
    - dog
    - heart
    - golint
    - goose
    - help
    - hold
    - label
    - lgtm
    - lifecycle
    - override
    - pony
    - retitle
    - shrug
    - sigmention
    - size
    - skip
    - trigger
    - verify-owners
    - owners-label
    - wip
    - yuks
    - approve
