apiVersion: prow.k8s.io/v1
kind: ProwJob
metadata:
  annotations:
    prow.k8s.io/job: periodic-ipi-deprovision
  creationTimestamp: null
  labels:
    created-by-prow: "true"
    prow.k8s.io/job: periodic-ipi-deprovision
    prow.k8s.io/type: periodic
  name: b496e2c9-6235-11ea-8699-8c16455629bd
spec:
  agent: kubernetes
  cluster: default
  decoration_config:
    gcs_configuration:
      bucket: origin-ci-test
      default_org: openshift
      default_repo: origin
      path_strategy: single
    gcs_credentials_secret: gce-sa-credentials-gcs-publisher
    grace_period: 15s
    timeout: 8h0m0s
    utility_images:
      clonerefs: gcr.io/k8s-prow/clonerefs:v20190129-0a3c54c
      entrypoint: gcr.io/k8s-prow/entrypoint:v20190129-0a3c54c
      initupload: gcr.io/k8s-prow/initupload:v20190129-0a3c54c
      sidecar: gcr.io/k8s-prow/sidecar:v20190129-0a3c54c
  extra_refs:
  - base_ref: master
    org: openshift
    repo: ci-tools
  job: periodic-ipi-deprovision
  namespace: default
  pod_spec:
    containers:
    - command:
      - ./cmd/ipi-deprovision/ipi-deprovision.sh
      env:
      - name: HOME
        value: /tmp
      - name: AWS_SHARED_CREDENTIALS_FILE
        value: /aws/.awscred
      - name: GOOGLE_APPLICATION_CREDENTIALS
        value: /gcp/gce.json
      - name: CLUSTER_TTL
        value: 30 minutes ago
      image: registry.svc.ci.openshift.org/ci/ipi-deprovision:latest
      imagePullPolicy: Always
      name: ipi-deprovision
      resources:
        requests:
          cpu: 500m
      volumeMounts:
      - mountPath: /aws
        name: cluster-secrets-aws
      - mountPath: /gcp
        name: cluster-secrets-gcp
    serviceAccountName: ipi-deprovisioner
    volumes:
    - name: cluster-secrets-aws
      secret:
        items:
        - key: .awscred
          path: .awscred
        secretName: cluster-secrets-aws
    - name: cluster-secrets-gcp
      secret:
        items:
        - key: gce.json
          path: gce.json
        secretName: cluster-secrets-gcp
  report: true
  type: periodic
status:
  startTime: "2020-03-09T18:42:19Z"
  state: triggered
