build_root:
  image_stream_tag:
    name: release
    namespace: openshift
    tag: golang-1.15
canonical_go_repository: k8s.io/cool
releases:
  latest:
    candidate:
      architecture: amd64
      product: ocp
      stream: nightly
      version: "4.4"
resources:
  '*':
    limits:
      memory: 4Gi
    requests:
      cpu: 100m
      memory: 200Mi
tests:
- as: e2e
  commands: e2e
  openshift_installer_src:
    cluster_profile: aws
zz_generated_metadata:
  branch: nonstandard
  org: org
  repo: third
