presubmits:
  org/repo:
  - agent: kubernetes
    always_run: true
    branches:
    - master
    cluster: api.ci
    context: ci/prow/cmd
    decorate: true
    decoration_config:
      skip_cloning: true
    labels:
      ci-operator.openshift.io/prowgen-controlled: "true"
      pj-rehearse.openshift.io/can-be-rehearsed: "true"
    name: pull-ci-org-repo-master-cmd
    rerun_command: /test cmd
    spec:
      containers:
      - args:
        - --image-import-pull-secret=/etc/pull-secret/.dockerconfigjson
        - --report-password-file=/etc/report/password.txt
        - --report-username=ci
        - --target=cmd
        command:
        - ci-operator
        image: ci-operator:latest
        imagePullPolicy: Always
        name: ""
        resources:
          requests:
            cpu: 10m
        volumeMounts:
        - mountPath: /etc/pull-secret
          name: pull-secret
          readOnly: true
        - mountPath: /etc/report
          name: result-aggregator
          readOnly: true
      serviceAccountName: ci-operator
      volumes:
      - name: pull-secret
        secret:
          secretName: regcred
      - name: result-aggregator
        secret:
          secretName: result-aggregator
    trigger: (?m)^/test( | .* )cmd,?($|\s.*)
  - agent: kubernetes
    always_run: true
    branches:
    - master
    cluster: api.ci
    context: ci/prow/e2e
    decorate: true
    decoration_config:
      skip_cloning: true
    labels:
      ci-operator.openshift.io/prowgen-controlled: "true"
      pj-rehearse.openshift.io/can-be-rehearsed: "true"
    name: pull-ci-org-repo-master-e2e
    rerun_command: /test e2e
    spec:
      containers:
      - args:
        - --image-import-pull-secret=/etc/pull-secret/.dockerconfigjson
        - --lease-server-password-file=/etc/boskos/password
        - --report-password-file=/etc/report/password.txt
        - --report-username=ci
        - --secret-dir=/usr/local/e2e-cluster-profile
        - --target=e2e
        - --template=/usr/local/e2e
        command:
        - ci-operator
        env:
        - name: CLUSTER_TYPE
          value: aws
        - name: JOB_NAME_SAFE
          value: e2e
        - name: TEST_COMMAND
          value: e2e
        image: ci-operator:latest
        imagePullPolicy: Always
        name: ""
        resources:
          requests:
            cpu: 10m
        volumeMounts:
        - mountPath: /etc/boskos
          name: boskos
          readOnly: true
        - mountPath: /usr/local/e2e-cluster-profile
          name: cluster-profile
        - mountPath: /usr/local/e2e
          name: job-definition
          subPath: cluster-launch-installer-src.yaml
        - mountPath: /etc/pull-secret
          name: pull-secret
          readOnly: true
        - mountPath: /etc/report
          name: result-aggregator
          readOnly: true
      serviceAccountName: ci-operator
      volumes:
      - name: boskos
        secret:
          items:
          - key: password
            path: password
          secretName: boskos-credentials
      - name: cluster-profile
        projected:
          sources:
          - secret:
              name: cluster-secrets-aws
      - configMap:
          name: prow-job-cluster-launch-installer-src
        name: job-definition
      - name: pull-secret
        secret:
          secretName: regcred
      - name: result-aggregator
        secret:
          secretName: result-aggregator
    trigger: (?m)^/test( | .* )e2e,?($|\s.*)
  - agent: kubernetes
    always_run: true
    branches:
    - master
    cluster: api.ci
    context: ci/prow/e2e-aws
    decorate: true
    decoration_config:
      skip_cloning: true
    labels:
      ci-operator.openshift.io/prowgen-controlled: "true"
      pj-rehearse.openshift.io/can-be-rehearsed: "true"
    name: pull-ci-org-repo-master-e2e-aws
    rerun_command: /test e2e-aws
    spec:
      containers:
      - args:
        - --image-import-pull-secret=/etc/pull-secret/.dockerconfigjson
        - --lease-server-password-file=/etc/boskos/password
        - --report-password-file=/etc/report/password.txt
        - --report-username=ci
        - --secret-dir=/usr/local/e2e-aws-cluster-profile
        - --target=e2e-aws
        - --template=/usr/local/e2e-aws
        command:
        - ci-operator
        env:
        - name: CLUSTER_TYPE
          value: aws
        - name: JOB_NAME_SAFE
          value: e2e-aws
        - name: TEST_COMMAND
          value: TEST_SUITE=openshift/conformance/parallel run-tests
        image: ci-operator:latest
        imagePullPolicy: Always
        name: ""
        resources:
          requests:
            cpu: 10m
        volumeMounts:
        - mountPath: /etc/boskos
          name: boskos
          readOnly: true
        - mountPath: /usr/local/e2e-aws-cluster-profile
          name: cluster-profile
        - mountPath: /usr/local/e2e-aws
          name: job-definition
          subPath: cluster-launch-installer-e2e.yaml
        - mountPath: /etc/pull-secret
          name: pull-secret
          readOnly: true
        - mountPath: /etc/report
          name: result-aggregator
          readOnly: true
      serviceAccountName: ci-operator
      volumes:
      - name: boskos
        secret:
          items:
          - key: password
            path: password
          secretName: boskos-credentials
      - name: cluster-profile
        projected:
          sources:
          - secret:
              name: cluster-secrets-aws
      - configMap:
          name: prow-job-cluster-launch-installer-e2e
        name: job-definition
      - name: pull-secret
        secret:
          secretName: regcred
      - name: result-aggregator
        secret:
          secretName: result-aggregator
    trigger: (?m)^/test( | .* )e2e-aws,?($|\s.*)
  - agent: kubernetes
    always_run: true
    branches:
    - master
    cluster: api.ci
    context: ci/prow/race
    decorate: true
    decoration_config:
      skip_cloning: true
    labels:
      ci-operator.openshift.io/prowgen-controlled: "true"
      pj-rehearse.openshift.io/can-be-rehearsed: "true"
    name: pull-ci-org-repo-master-race
    rerun_command: /test race
    spec:
      containers:
      - args:
        - --image-import-pull-secret=/etc/pull-secret/.dockerconfigjson
        - --report-password-file=/etc/report/password.txt
        - --report-username=ci
        - --target=race
        command:
        - ci-operator
        image: ci-operator:latest
        imagePullPolicy: Always
        name: ""
        resources:
          requests:
            cpu: 10m
        volumeMounts:
        - mountPath: /etc/pull-secret
          name: pull-secret
          readOnly: true
        - mountPath: /etc/report
          name: result-aggregator
          readOnly: true
      serviceAccountName: ci-operator
      volumes:
      - name: pull-secret
        secret:
          secretName: regcred
      - name: result-aggregator
        secret:
          secretName: result-aggregator
    trigger: (?m)^/test( | .* )race,?($|\s.*)
  - agent: kubernetes
    always_run: true
    branches:
    - master
    cluster: api.ci
    context: ci/prow/unit
    decorate: true
    decoration_config:
      skip_cloning: true
    labels:
      ci-operator.openshift.io/prowgen-controlled: "true"
      pj-rehearse.openshift.io/can-be-rehearsed: "true"
    name: pull-ci-org-repo-master-unit
    rerun_command: /test unit
    spec:
      containers:
      - args:
        - --image-import-pull-secret=/etc/pull-secret/.dockerconfigjson
        - --report-password-file=/etc/report/password.txt
        - --report-username=ci
        - --target=unit
        command:
        - ci-operator
        image: ci-operator:latest
        imagePullPolicy: Always
        name: ""
        resources:
          requests:
            cpu: 10m
        volumeMounts:
        - mountPath: /etc/pull-secret
          name: pull-secret
          readOnly: true
        - mountPath: /etc/report
          name: result-aggregator
          readOnly: true
      serviceAccountName: ci-operator
      volumes:
      - name: pull-secret
        secret:
          secretName: regcred
      - name: result-aggregator
        secret:
          secretName: result-aggregator
    trigger: (?m)^/test( | .* )unit,?($|\s.*)
