base_images:
  base:
    name: "4.7"
    namespace: ocp
    tag: base
releases:
  latest:
    candidate:
      product: ocp
      stream: ci
      version: "4.7"
resources:
  '*':
    requests:
      cpu: 100m
      memory: 200Mi
tests:
- as: e2e-aws
  cron: '@every 48h'
  steps:
    cluster_profile: aws
    workflow: openshift-e2e-aws
- as: e2e-gcp-upgrade
  cron: '@yearly'
  steps:
    cluster_profile: gcp
    workflow: openshift-upgrade-gcp-loki
zz_generated_metadata:
  branch: master
  org: openshift
  repo: release
  variant: origin-4.7
