base_images:
  base:
    name: "4.6"
    namespace: ocp
    tag: base
releases:
  latest:
    candidate:
      product: ocp
      stream: ci
      version: "4.6"
resources:
  '*':
    requests:
      cpu: 100m
      memory: 200Mi
tests:
- as: e2e-aws
  cron: '@every 48h'
  steps:
    cluster_profile: aws
    workflow: openshift-e2e-aws
zz_generated_metadata:
  branch: master
  org: openshift
  repo: release
  variant: origin-4.6
