templates:
  testing-template:
    blockers:
      DPTP-1234:
        description: serious problem
        jobs:
          periodic-job-1:
            generated: false
            kind: periodic
          periodic-job-2:
            generated: false
            kind: periodic
    template_name: testing-template
    unknown_blocker:
      description: unknown
