{
    "name":"4.7.0-0.ci",
    "to": "release",
    "message": "This release contains CI image builds of all code in release-4.7 (master) branches, and is updated each time someone merges.",
    "mirrorPrefix": "4.7",
    "expires":"72h",
    "maxUnreadyReleases": 2,
    "minCreationIntervalSeconds": 1800,
    "pullSecretName": "source",
    "publish":{
      "tag":{"tagRef":{"name":"4.7-ci"}}
    },
    "verify":{
      "upgrade":{
        "upgrade":true,
        "optional":true,
        "prowJob":{"name":"periodic-ci-openshift-release-master-origin-4.7-e2e-gcp-upgrade"}
      }
    },
    "periodic":{
      "upgrade-gcp":{
        "interval":"6h",
        "upgrade":true,
        "prowJob":{"name":"periodic-ci-openshift-release-master-origin-4.7-e2e-gcp-upgrade"}
      },
      "upgrade-gcp-minor":{
        "interval":"6h",
        "upgrade":true,
        "upgradeType": "PreviousMinor",
        "prowJob":{"name":"release-openshift-origin-installer-e2e-gcp-upgrade-4.6-stable-to-4.7"}
      }
    }
  }
